// Jest Snapshot v1, https://goo.gl/fbAQLP

exports[`test con <AddCategory/> component should it render properly 1`] = `
<form
  onSubmit={[Function]}
>
  <p />
  <input
    onChange={[Function]}
    placeholder="type a new category..."
    type="text"
    value=""
  />
</form>
`;
