// Jest Snapshot v1, https://goo.gl/fbAQLP

exports[`tests on <GifGridItem/> component should show the component properly 1`] = `
<div
  className="card animate__animated animate__fadeInUpBig "
>
  <img
    alt="title"
    src="http:localhost/image.jpg"
  />
  <p>
    title
  </p>
</div>
`;
